[www.restaurantfrantzen.com/index.html]
[backblue.gif]
[fade.gif]
[index.html]
[www.restaurantfrantzen.com/wp/wp-includes/css/dist/block-library/style.min1eb7.css]
[www.restaurantfrantzen.com/wp/wp-content/plugins/taptap-by-bonfire/taptap68b3.css]
[www.restaurantfrantzen.com/feed/index.html]
[www.restaurantfrantzen.com/wp/wp-content/plugins/taptap-by-bonfire/fonts/font-awesome/css/font-awesome.min68b3.css]
[www.restaurantfrantzen.com/comments/feed/index.html]
[www.restaurantfrantzen.com/wp/wp-includes/js/jquery/jquery.minaf6c.js]
[www.restaurantfrantzen.com/wp/wp-includes/js/jquery/jquery-migrate.mind617.js]
[www.restaurantfrantzen.com/wp/wp-content/plugins/taptap-by-bonfire/taptap-accordion68b3.js]
[www.restaurantfrantzen.com/wp-json/wp/v2/pages/132.json]
[www.restaurantfrantzen.com/wp-json/index.html]
[www.restaurantfrantzen.com/wp/xmlrpc0db0.php]
[www.restaurantfrantzen.com/wp/wp-includes/wlwmanifest.xml]
[www.restaurantfrantzen.com/wp-json/oembed/1.0/embed0ecc.json]
[www.restaurantfrantzen.com/wp-json/oembed/1.0/embed1d67]
[www.restaurantfrantzen.com/wp/wp-content/themes/frantzen2021/css/bootstrap.min.css]
[www.restaurantfrantzen.com/wp/wp-content/themes/frantzen2021/stylee8c8.css]
[www.restaurantfrantzen.com/wp/wp-content/themes/frantzen2021/magic/dist/magic.min.css]
[www.restaurantfrantzen.com/wp/wp-content/themes/frantzen2021/favicon.ico]
[www.restaurantfrantzen.com/wp/wp-content/themes/frantzen2021/js/bootstrap.min.js]
[www.restaurantfrantzen.com/wp/wp-content/themes/frantzen2021/js/parallax.min.js]
[www.restaurantfrantzen.com/wp/wp-content/themes/frantzen2021/js/waypoints/jquery.waypoints.min.js]
[www.restaurantfrantzen.com/wp/wp-content/themes/frantzen2021/js/bootstrap-hover.js]
[www.restaurantfrantzen.com/wp/wp-content/themes/frantzen2021/js/ie10-viewport-bug-workaround.js]
[www.restaurantfrantzen.com/wp/wp-content/themes/frantzen2021/slick/slick.min.js]
[www.restaurantfrantzen.com/wp/wp-content/themes/frantzen2021/slick/slick.css]
[www.restaurantfrantzen.com/wp/wp-content/themes/frantzen2021/slick/slick-themeb883.css]
[resources.restaurantfrantzen.com/resources/footer/frantzen_boxe9c8.css]
[resources.restaurantfrantzen.com/resources/footer/footer_box.js]
[www.restaurantfrantzen.com/wp/wp-content/uploads/2021/11/5D4_0712-HDR-scaled.jpg]
[www.restaurantfrantzen.com/wp/wp-content/uploads/2021/11/3stars-e1637072608464.png]
[www.restaurantfrantzen.com/wp/wp-content/uploads/2021/11/5D4_1840-001-scaled.jpg]
[www.restaurantfrantzen.com/wp/wp-content/uploads/2021/11/RF-web25.jpg]
[www.restaurantfrantzen.com/wp/wp-content/uploads/2021/11/RF-web26.jpg]
[www.restaurantfrantzen.com/wp/wp-content/uploads/2021/11/RF-web17.jpg]
[www.restaurantfrantzen.com/wp/wp-content/uploads/2021/11/RF-web18.jpg]
[www.restaurantfrantzen.com/wp/wp-content/uploads/2021/11/RF-web15.jpg]
[www.restaurantfrantzen.com/wp/wp-content/uploads/2021/11/RF-web16.jpg]
[www.restaurantfrantzen.com/wp/wp-content/uploads/2021/11/RF-web21.jpg]
[www.restaurantfrantzen.com/wp/wp-content/uploads/2021/11/RF-web22.jpg]
[www.restaurantfrantzen.com/wp/wp-content/uploads/2021/11/RF-web19.jpg]
[www.restaurantfrantzen.com/wp/wp-content/uploads/2021/11/RF-web20.jpg]
[www.restaurantfrantzen.com/wp/wp-content/uploads/2021/11/RF-web23.jpg]
[www.restaurantfrantzen.com/wp/wp-content/uploads/2021/11/RF-web24.jpg]
[www.restaurantfrantzen.com/wp/wp-content/uploads/2021/11/Frantzen_Book_7130-scaled.jpg]
[www.restaurantfrantzen.com/wp/wp-content/uploads/2021/11/DSC_3225-scaled.jpg]
[www.restaurantfrantzen.com/wp/wp-content/uploads/2021/11/RF_3000x2250.jpg]
[www.restaurantfrantzen.com/wp/wp-content/uploads/2021/11/RF_3000x22502.jpg]
[www.restaurantfrantzen.com/wp/wp-content/uploads/2021/11/RF_3000x22503.jpg]
[www.restaurantfrantzen.com/wp/wp-content/uploads/2021/11/RF_3000x22504.jpg]
[www.restaurantfrantzen.com/wp/wp-content/uploads/2021/11/RF_3000x22505.jpg]
[www.restaurantfrantzen.com/wp/wp-content/uploads/2021/11/RF_3000x22506.jpg]
[www.restaurantfrantzen.com/wp/wp-content/uploads/2021/11/Ftrantzen_Book_9759-scaled.jpg]
[www.restaurantfrantzen.com/wp/wp-content/uploads/2021/11/5D4_1918-001-scaled.jpg]
[www.restaurantfrantzen.com/wp/wp-content/uploads/2021/11/Frantzen_Book_4100-scaled.jpg]
[www.restaurantfrantzen.com/wp/wp-content/uploads/2021/11/Ftrantzen_Book_9814-scaled.jpg]
[www.restaurantfrantzen.com/wp/wp-content/themes/frantzen2021/images/spoon/spoonb883.png]
[s3.amazonaws.com/downloads.mailchimp.com/js/mc-validate.js]
[www.restaurantfrantzen.com/wp/wp-content/themes/frantzen2021/js/rellax.min.js]
[www.restaurantfrantzen.com/wp/wp-content/uploads/2021/10/logo-1.png]
[www.restaurantfrantzen.com/wp/wp-content/plugins/taptap-by-bonfire/taptap-image-menu68b3.js]
[www.restaurantfrantzen.com/wp/wp-content/plugins/taptap-by-bonfire/taptap68b3.js]
[www.restaurantfrantzen.com/wp/wp-content/plugins/taptap-by-bonfire/taptap-close-on-click68b3.js]
[www.restaurantfrantzen.com/index.html]
[www.restaurantfrantzen.com/wp/wp-includes/css/dist/block-library/style.min1eb7.css]
[www.bokabord.se/widget.min.js]
[www.restaurantfrantzen.com/wp/wp-content/plugins/taptap-by-bonfire/icons/taptap-shopping-cart.svg]
[www.restaurantfrantzen.com/wp/wp-content/plugins/taptap-by-bonfire/taptap68b3.css]
[www.restaurantfrantzen.com/wp/wp-content/plugins/taptap-by-bonfire/fonts/font-awesome/fonts/fontawesome-webfont3e6e.eot]
[www.restaurantfrantzen.com/wp/wp-content/plugins/taptap-by-bonfire/fonts/font-awesome/fonts/fontawesome-webfontd41d.eot]
[www.restaurantfrantzen.com/wp/wp-content/plugins/taptap-by-bonfire/fonts/font-awesome/fonts/fontawesome-webfont3e6e.woff2]
[www.restaurantfrantzen.com/wp/wp-content/plugins/taptap-by-bonfire/fonts/font-awesome/fonts/fontawesome-webfont3e6e.woff]
[www.restaurantfrantzen.com/wp/wp-content/plugins/taptap-by-bonfire/fonts/font-awesome/fonts/fontawesome-webfont3e6e.ttf]
[www.restaurantfrantzen.com/wp/wp-content/plugins/taptap-by-bonfire/fonts/font-awesome/css/font-awesome.min68b3.css]
[www.restaurantfrantzen.com/wp/wp-content/plugins/taptap-by-bonfire/fonts/font-awesome/fonts/fontawesome-webfont3e6e.svg]
[www.restaurantfrantzen.com/wp/wp-content/themes/frantzen2021/fonts/glyphicons-halflings-regular.eot]
[www.restaurantfrantzen.com/wp/wp-content/themes/frantzen2021/fonts/glyphicons-halflings-regulard41d.eot]
[www.restaurantfrantzen.com/wp/wp-content/themes/frantzen2021/fonts/glyphicons-halflings-regular.woff]
[www.restaurantfrantzen.com/wp/wp-content/themes/frantzen2021/fonts/glyphicons-halflings-regular.ttf]
[www.restaurantfrantzen.com/wp/wp-content/themes/frantzen2021/fonts/glyphicons-halflings-regular.svg]
[www.restaurantfrantzen.com/wp/wp-content/themes/frantzen2021/css/bootstrap.min.css]
[www.restaurantfrantzen.com/wp/wp-content/themes/frantzen2021/css/jumbotron.css]
[www.restaurantfrantzen.com/wp/wp-content/themes/frantzen2021/fonts/ChronicleDisp-Bold.eot]
[www.restaurantfrantzen.com/wp/wp-content/themes/frantzen2021/fonts/ChronicleDisp-Bold.woff]
[www.restaurantfrantzen.com/wp/wp-content/themes/frantzen2021/fonts/ChronicleDisp-Bold.svg]
[www.restaurantfrantzen.com/wp/wp-content/themes/frantzen2021/fonts/ChronicleDisp-Roman.eot]
[www.restaurantfrantzen.com/wp/wp-content/themes/frantzen2021/fonts/ChronicleDisp-Roman.woff]
[www.restaurantfrantzen.com/wp/wp-content/themes/frantzen2021/fonts/ChronicleDisp-Roman.svg]
[www.restaurantfrantzen.com/wp/wp-content/themes/frantzen2021/fonts/ChronicleDisp-BoldItal.eot]
[www.restaurantfrantzen.com/wp/wp-content/themes/frantzen2021/fonts/ChronicleDisp-BoldItal.woff]
[www.restaurantfrantzen.com/wp/wp-content/themes/frantzen2021/fonts/ChronicleDisp-BoldItal.svg]
[www.restaurantfrantzen.com/wp/wp-content/themes/frantzen2021/fonts/BebasNeueBold.woff2]
[www.restaurantfrantzen.com/wp/wp-content/themes/frantzen2021/fonts/BebasNeueBold.woff]
[www.restaurantfrantzen.com/wp/wp-content/themes/frantzen2021/fonts/BebasNeueBold.svg]
[www.restaurantfrantzen.com/wp/wp-content/themes/frantzen2021/fonts/MuseoSans_700.woff2]
[www.restaurantfrantzen.com/wp/wp-content/themes/frantzen2021/fonts/MuseoSans_700.woff]
[www.restaurantfrantzen.com/wp/wp-content/themes/frantzen2021/fonts/MuseoSans_700.svg]
[www.restaurantfrantzen.com/wp/wp-content/themes/frantzen2021/images/arrow_down.svg]
[www.restaurantfrantzen.com/wp/wp-content/themes/frantzen2021/images/spoon/spoon_overlay.png]
[www.restaurantfrantzen.com/wp/wp-content/themes/frantzen2021/stylee8c8.css]
[www.restaurantfrantzen.com/wp/wp-content/themes/frantzen2021/magic/dist/magic.min.css]
[www.restaurantfrantzen.com/wp/wp-content/themes/frantzen2021/favicon.html]
[www.restaurantfrantzen.com/wp/wp-content/themes/frantzen2021/slick/slick.css]
[www.restaurantfrantzen.com/wp/wp-content/themes/frantzen2021/slick/ajax-loader.gif]
[www.restaurantfrantzen.com/wp/wp-content/themes/frantzen2021/slick/fonts/slick.eot]
[www.restaurantfrantzen.com/wp/wp-content/themes/frantzen2021/slick/fonts/slickd41d.eot]
[www.restaurantfrantzen.com/wp/wp-content/themes/frantzen2021/slick/fonts/slick.woff]
[www.restaurantfrantzen.com/wp/wp-content/themes/frantzen2021/slick/fonts/slick.ttf]
[www.restaurantfrantzen.com/wp/wp-content/themes/frantzen2021/slick/fonts/slick.svg]
[www.restaurantfrantzen.com/wp/wp-content/themes/frantzen2021/slick/slick-themeb883.css]
[resources.restaurantfrantzen.com/resources/footer/MuseoSans_500.eot]
[resources.restaurantfrantzen.com/resources/footer/MuseoSans_500.woff]
[resources.restaurantfrantzen.com/resources/footer/MuseoSans_500.svg]
[resources.restaurantfrantzen.com/resources/footer/MuseoSans_100.eot]
[resources.restaurantfrantzen.com/resources/footer/MuseoSans_100.woff]
[resources.restaurantfrantzen.com/resources/footer/frantzen_boxe9c8.css]
[www.restaurantfrantzen.com/wp/wp-content/plugins/taptap-by-bonfire/icons/taptap-shopping-cart.svg]
[resources.restaurantfrantzen.com/resources/footer/MuseoSans_100.svg]
[www.restaurantfrantzen.com/wp/wp-content/plugins/taptap-by-bonfire/fonts/font-awesome/fonts/fontawesome-webfont3e6e.svg]
[www.restaurantfrantzen.com/wp/wp-content/themes/frantzen2021/fonts/glyphicons-halflings-regular.html]
[www.restaurantfrantzen.com/wp/wp-content/themes/frantzen2021/fonts/glyphicons-halflings-regulard41d.html]
[www.restaurantfrantzen.com/wp/wp-content/themes/frantzen2021/fonts/glyphicons-halflings-regular-2.html]
[www.restaurantfrantzen.com/wp/wp-content/themes/frantzen2021/fonts/glyphicons-halflings-regular-3.html]
[www.restaurantfrantzen.com/wp/wp-content/themes/frantzen2021/fonts/glyphicons-halflings-regular-4.html]
[www.restaurantfrantzen.com/wp/wp-content/themes/frantzen2021/fonts/ChronicleDisp-Bold.html]
[www.restaurantfrantzen.com/wp/wp-content/themes/frantzen2021/fonts/ChronicleDisp-Bold.svg]
[www.restaurantfrantzen.com/wp/wp-content/themes/frantzen2021/fonts/ChronicleDisp-Roman.html]
[www.restaurantfrantzen.com/wp/wp-content/themes/frantzen2021/fonts/ChronicleDisp-Roman.svg]
[www.restaurantfrantzen.com/wp/wp-content/themes/frantzen2021/fonts/ChronicleDisp-BoldItal.html]
[www.restaurantfrantzen.com/wp/wp-content/themes/frantzen2021/fonts/ChronicleDisp-BoldItal.svg]
[www.restaurantfrantzen.com/wp/wp-content/themes/frantzen2021/fonts/BebasNeueBold.eot]
[www.restaurantfrantzen.com/wp/wp-content/themes/frantzen2021/fonts/BebasNeueBoldd41d.eot]
[www.restaurantfrantzen.com/wp/wp-content/themes/frantzen2021/fonts/BebasNeueBold.svg]
[www.restaurantfrantzen.com/wp/wp-content/themes/frantzen2021/fonts/MuseoSans_700.eot]
[www.restaurantfrantzen.com/wp/wp-content/themes/frantzen2021/fonts/MuseoSans_700d41d.eot]
[www.restaurantfrantzen.com/wp/wp-content/themes/frantzen2021/fonts/MuseoSans_700.svg]
[www.restaurantfrantzen.com/wp/wp-content/themes/frantzen2021/images/arrow_down.svg]
[www.restaurantfrantzen.com/wp/wp-content/themes/frantzen2021/slick/fonts/slick.svg]
[resources.restaurantfrantzen.com/resources/footer/MuseoSans_500.svg]
[resources.restaurantfrantzen.com/resources/footer/MuseoSans_100.svg]
